-->$ git checkout feature1  
Switched to branch 'feature1'

makwa@HP-VICTUS_2303 MINGW64 ~/Downloads/GIT & GITHUB/LocalRepo (feature1)
$ git branch
* feature1
  main

makwa@HP-VICTUS_2303 MINGW64 ~/Downloads/GIT & GITHUB/LocalRepo (feature1)
-->$ git status             ---> ahi apde n.html name ni file ma change karyo che jema apde h1 tag umeryo che
On branch feature1
Changes not staged for commit:
  (use "git add <file>..." to update what will be committed)
  (use "git restore <file>..." to discard changes in working directory)
        modified:   n.html

Untracked files:
  (use "git add <file>..." to include in what will be committed)
        information_4.txt

no changes added to commit (use "git add" and/or "git commit -a")

makwa@HP-VICTUS_2303 MINGW64 ~/Downloads/GIT & GITHUB/LocalRepo (feature1)
-->$ git add .              ---> add kari file ne

makwa@HP-VICTUS_2303 MINGW64 ~/Downloads/GIT & GITHUB/LocalRepo (feature1)
-->$ git status             ---> status joyu to ke ha add  thy gy
On branch feature1
Changes to be committed:
  (use "git restore --staged <file>..." to unstage)
        new file:   information_4.txt
        modified:   n.html


makwa@HP-VICTUS_2303 MINGW64 ~/Downloads/GIT & GITHUB/LocalRepo (feature1)
-->$ git commit -m "modify changes"   ---> comit karyu
[feature1 d50fbd8] modify changes
 2 files changed, 46 insertions(+)
 create mode 100644 information_4.txt

makwa@HP-VICTUS_2303 MINGW64 ~/Downloads/GIT & GITHUB/LocalRepo (feature1)
-->$ git status
On branch feature1
nothing to commit, working tree clean

makwa@HP-VICTUS_2303 MINGW64 ~/Downloads/GIT & GITHUB/LocalRepo (feature1)
-->$ git checkout main   ----> ahi intresting vat ae che ke main vadi brach ma jota te h1 tag lagavine modified karyu te ny dekhay
Switched to branch 'main'
Your branch is up to date with 'origin/main'.

makwa@HP-VICTUS_2303 MINGW64 ~/Downloads/GIT & GITHUB/LocalRepo (main)
-->$ git checkout feature1 ----> feature1 vadi branch ma jai ne jota te changes jova madse mtlb banne ma alag alag jova made che
Switched to branch 'feature1'     ahi main ae tree che ane feature1 teni branch che

makwa@HP-VICTUS_2303 MINGW64 ~/Downloads/GIT & GITHUB/LocalRepo (feature1)
-->$ git push origin feature1   ---> have ahi apde feature1 ne push karvi chiae to yad rakhvu bhul thi main na lakhai jay
Enumerating objects: 6, done.
Counting objects: 100% (6/6), done.
Delta compression using up to 12 threads
Compressing objects: 100% (4/4), done.
Writing objects: 100% (4/4), 969 bytes | 484.00 KiB/s, done.
Total 4 (delta 2), reused 0 (delta 0), pack-reused 0 (from 0)
remote: Resolving deltas: 100% (2/2), completed with 2 local objects.
remote:
remote: Create a pull request for 'feature1' on GitHub by visiting:
remote:      https://github.com/Dhruvmakwana1958/localrepository/pull/new/feature1
remote:
To https://github.com/Dhruvmakwana1958/localrepository.git
 * [new branch]      feature1 -> feature1

makwa@HP-VICTUS_2303 MINGW64 ~/Downloads/GIT & GITHUB/LocalRepo (feature1)


// remote server matlb githubb uapr to pull request upar thi changes kari nakhya main ane branches banne ma but local server upar change 
// na thay to ena mate commannd che 

--> git pull origin main



+++++++++++++++++++++++++++++++++++++++++++++++++++++++++++++++++++++++++++++++++++++++++++++++++++++++++++++++++++++++++++++++++++++++++++++
// pan jo apse manually merge karvu hoy to 
apde sav pela n.html vadi file ma (ownwer) evu add karyu, tene add karyu ane pachi commit karyu pachi
featur1 vadi branch ma jai ne n.html ma (cutomer) em add karyu
have banne vacche no diffrence janva
--> git diff main  --> jo main vadi branch ma pointer hoy to git diff featur1 em lakhvu
--> git merge main  --> avu lakhva thi niche mujab avi jse have tema thi vadhara nu delete kari devu
<<<<<<< HEAD
    <h2>This is new feature add ></h2>
    <h2>This is new feature add (customer)</h2>
=======
    <h2>This is new feature add (owner)></h2>
    <h2>This is new feature add </h2>
>>>>>>> 


// have ama thi je nthi jotvu te badhu j delete kari ne fakt etlu j rakhvu je joi che mtlb
<h2>This is new feature add (customer)</h2>
<h2>This is new feature add (owner)></h2>

have aane terminal ma jai ne add, commit karvu