--> mkdir "name" -> GIT & GITHUB ma biji navi sub directory banava mate

makwa@HP-VICTUS_2303 MINGW64 ~/Downloads/GIT & GITHUB
--> $ cd LocalRepo

makwa@HP-VICTUS_2303 MINGW64 ~/Downloads/GIT & GITHUB/LocalRepo
-->$ ls -a
./  ../

makwa@HP-VICTUS_2303 MINGW64 ~/Downloads/GIT & GITHUB/LocalRepo
-->$ git init
Initialized empty Git repository in C:/Users/makwa/Downloads/GIT & GITHUB/LocalRepo/.git/

makwa@HP-VICTUS_2303 MINGW64 ~/Downloads/GIT & GITHUB/LocalRepo (main)
-->$ ls -a
./  ../  .git/

makwa@HP-VICTUS_2303 MINGW64 ~/Downloads/GIT & GITHUB/LocalRepo (main)
-->$ git status
On branch main

No commits yet

Untracked files:
  (use "git add <file>..." to include in what will be committed)
        1_index.html
        1_script.js
        1_style.css

nothing added to commit but untracked files present (use "git add" to track)

makwa@HP-VICTUS_2303 MINGW64 ~/Downloads/GIT & GITHUB/LocalRepo (main)
-->$ git add .

makwa@HP-VICTUS_2303 MINGW64 ~/Downloads/GIT & GITHUB/LocalRepo (main)
-->$ git status
On branch main

No commits yet

Changes to be committed:
  (use "git rm --cached <file>..." to unstage)
        new file:   1_index.html
        new file:   1_script.js
        new file:   1_style.css


makwa@HP-VICTUS_2303 MINGW64 ~/Downloads/GIT & GITHUB/LocalRepo (main)
-->$ git commit -m "initial file"
[main (root-commit) c66a991] initial file
 3 files changed, 34 insertions(+)
 create mode 100644 1_index.html
 create mode 100644 1_script.js
 create mode 100644 1_style.css

makwa@HP-VICTUS_2303 MINGW64 ~/Downloads/GIT & GITHUB/LocalRepo (main)
-->$ git remote add origin https://github.com/Dhruvmakwana1958/localrepository.git

makwa@HP-VICTUS_2303 MINGW64 ~/Downloads/GIT & GITHUB/LocalRepo (main)
-->$ git remote -v
origin  https://github.com/Dhruvmakwana1958/localrepository.git (fetch)
origin  https://github.com/Dhruvmakwana1958/localrepository.git (push)

makwa@HP-VICTUS_2303 MINGW64 ~/Downloads/GIT & GITHUB/LocalRepo (main)
-->$ git branch -M main

makwa@HP-VICTUS_2303 MINGW64 ~/Downloads/GIT & GITHUB/LocalRepo (main)
-->$ git branch
* main

makwa@HP-VICTUS_2303 MINGW64 ~/Downloads/GIT & GITHUB/LocalRepo (main)
-->$ git push -u origin main
Enumerating objects: 5, done.
Counting objects: 100% (5/5), done.
Delta compression using up to 12 threads
Compressing objects: 100% (5/5), done.
Writing objects: 100% (5/5), 1.00 KiB | 342.00 KiB/s, done.
Total 5 (delta 0), reused 0 (delta 0), pack-reused 0 (from 0)
To https://github.com/Dhruvmakwana1958/localrepository.git
 * [new branch]      main -> main
branch 'main' set up to track 'origin/main'.

makwa@HP-VICTUS_2303 MINGW64 ~/Downloads/GIT & GITHUB/LocalRepo (main)
$




{**git push origin main - >push karva 
**git push -u origin main -> shortcut banvyu dar vakhte origin main na lakhvu pde only git push lakvi to pan push thy jay }